bun test v1.3.13 (bf2e2cec)

types/__tests__/internal.spec.ts:
(pass) WithDeepSlots > should preserve types [14.00ms]

lib/__tests__/move-component.spec.tsx:
(pass) moveComponent > moves the component [12.00ms]
(pass) moveComponent > resolves data when dropped in a different parent [2.00ms]
(pass) moveComponent > doesn't resolve data when dropped in the same parent [1.00ms]
(pass) moveComponent > resolves data with the move trigger [1.00ms]

lib/__tests__/resolve-component-data.spec.tsx:
(pass) resolveComponentData > should run resolvers for every node in the tree [1.00ms]
(pass) resolveComponentData > should run child resolvers even if parent doesn't have one
(pass) resolveComponentData > should not re-run when node doesn't change [1.00ms]
(pass) resolveComponentData > should re-run if forced to
(pass) resolveComponentData > should re-run when parent changes for 'move' triggers [1.00ms]
(pass) resolveComponentData > shouldn't re-run when parent doesn't change for 'move' triggers
(pass) resolveComponentData > shouldn't run for 'move' triggers before the component resolves once for other actions

lib/__tests__/resolve-all-data.spec.tsx:
(pass) resolve-data > should resolve the data for all components in the data [2.00ms]
(pass) resolve-data > should receive 'force' as the trigger [1.00ms]
(pass) resolve-data > should receive the parent component in params
(pass) resolve-data > should resolve children after it resolved the parent [1.00ms]

lib/__tests__/use-breadcrumbs.spec.tsx:
251 |     throw error;
252 |   }
253 |   if (!baseElement) {
254 |     // default to document.body instead of documentElement to avoid output of potentially-large
255 |     // head elements (such as JSS style blocks) in debug output
256 |     baseElement = document.body;
                        ^
ReferenceError: document is not defined
      at render (/home/crediblemark/Project/Credibuild/node_modules/@testing-library/react/dist/pure.js:256:19)
      at renderHook (/home/crediblemark/Project/Credibuild/node_modules/@testing-library/react/dist/pure.js:339:7)
      at <anonymous> (/home/crediblemark/Project/Credibuild/lib/__tests__/use-breadcrumbs.spec.tsx:35:24)
(fail) useBreadcrumbs > returns an empty array if no path is found [2.00ms]
251 |     throw error;
252 |   }
253 |   if (!baseElement) {
254 |     // default to document.body instead of documentElement to avoid output of potentially-large
255 |     // head elements (such as JSS style blocks) in debug output
256 |     baseElement = document.body;
                        ^
ReferenceError: document is not defined
      at render (/home/crediblemark/Project/Credibuild/node_modules/@testing-library/react/dist/pure.js:256:19)
      at <anonymous> (/home/crediblemark/Project/Credibuild/lib/__tests__/use-breadcrumbs.spec.tsx:85:5)
(fail) useBreadcrumbs > returns a breadcrumb path including 'Page' for root [1.00ms]
251 |     throw error;
252 |   }
253 |   if (!baseElement) {
254 |     // default to document.body instead of documentElement to avoid output of potentially-large
255 |     // head elements (such as JSS style blocks) in debug output
256 |     baseElement = document.body;
                        ^
ReferenceError: document is not defined
      at render (/home/crediblemark/Project/Credibuild/node_modules/@testing-library/react/dist/pure.js:256:19)
      at <anonymous> (/home/crediblemark/Project/Credibuild/lib/__tests__/use-breadcrumbs.spec.tsx:147:5)
(fail) useBreadcrumbs > truncates the breadcrumb list to renderCount if provided
251 |     throw error;
252 |   }
253 |   if (!baseElement) {
254 |     // default to document.body instead of documentElement to avoid output of potentially-large
255 |     // head elements (such as JSS style blocks) in debug output
256 |     baseElement = document.body;
                        ^
ReferenceError: document is not defined
      at render (/home/crediblemark/Project/Credibuild/node_modules/@testing-library/react/dist/pure.js:256:19)
      at <anonymous> (/home/crediblemark/Project/Credibuild/lib/__tests__/use-breadcrumbs.spec.tsx:207:5)
(fail) useBreadcrumbs > defaults to using the type name if config.components[type].label is missing

lib/__tests__/migrate.spec.tsx:
Migrating DropZones to slots...
(pass) migrate method > should migrate root to root.props [2.00ms]
Migrating DropZones to slots...
✓ Success: Migrated "Flex-123:flexA" from DropZone to slot field "flexA"
✓ Success: Migrated "Other-123:content" from DropZone to slot field "content"
✓ Success: Migrated "Flex-123:flexB" from DropZone to slot field "flexB"
(pass) migrate method > should migrate zones to slots [2.00ms]
Migrating DropZones to slots...
✓ Success: Migrated "Columns-eb9dfe22-4408-44e6-b8e5-fbaedbbdb3be:column-0" DropZone
✓ Success: Migrated "Columns-eb9dfe22-4408-44e6-b8e5-fbaedbbdb3be:column-1" DropZone
✓ Success: Migrated "Columns-eb9dfe22-4408-44e6-b8e5-fbaedbbdb3be:column-2" DropZone
✓ Success: Migrated "Columns-eb9dfe22-4408-44e6-b8e5-fbaedbbdb3be:column-3" DropZone
(pass) migrate method > should migrate dynamic arrays of zones to slots when a user provides a migration function [1.00ms]
Migrating DropZones to slots...
(pass) migrate method > should throw if matching slots aren't defined [1.00ms]
Migrating DropZones to slots...
✓ Success: Migrated "root:footer" from DropZone to slot field "footer"
✓ Success: Migrated "root:footer" from DropZone to slot field "footer"
(pass) migrate method > should support migrating root DropZones

lib/__tests__/load-overrides.spec.tsx:
(pass) load-overrides > should curry the overrides for any given override [2.00ms]
(pass) load-overrides > should curry the overrides for fieldTypes
(pass) load-overrides > should avoid mutating the provided overrides

lib/__tests__/insert-component.spec.tsx:
(pass) use-insert-component > insert-component > should dispatch the insert action [3.00ms]
(pass) use-insert-component > insert-component > should dispatch the setUi action, and select the item
(pass) use-insert-component > insert-component > should run any resolveData methods on the inserted item [1.00ms]

lib/__tests__/transform-props.spec.tsx:
(pass) transformProps method > should migrate props for the root [3.00ms]
(pass) transformProps method > should migrate props for the legacy roots
(pass) transformProps method > should migrate props for a specified component [1.00ms]
(pass) transformProps method > should migrate props for slots

store/slices/__tests__/history.spec.tsx:
251 |     throw error;
252 |   }
253 |   if (!baseElement) {
254 |     // default to document.body instead of documentElement to avoid output of potentially-large
255 |     // head elements (such as JSS style blocks) in debug output
256 |     baseElement = document.body;
                        ^
ReferenceError: document is not defined
      at render (/home/crediblemark/Project/Credibuild/node_modules/@testing-library/react/dist/pure.js:256:19)
      at renderHook (/home/crediblemark/Project/Credibuild/node_modules/@testing-library/react/dist/pure.js:339:7)
      at <anonymous> (/home/crediblemark/Project/Credibuild/store/slices/__tests__/history.spec.tsx:22:5)
(fail) history slice > initializes with given histories and index [1.00ms]
251 |     throw error;
252 |   }
253 |   if (!baseElement) {
254 |     // default to document.body instead of documentElement to avoid output of potentially-large
255 |     // head elements (such as JSS style blocks) in debug output
256 |     baseElement = document.body;
                        ^
ReferenceError: document is not defined
      at render (/home/crediblemark/Project/Credibuild/node_modules/@testing-library/react/dist/pure.js:256:19)
      at renderHook (/home/crediblemark/Project/Credibuild/node_modules/@testing-library/react/dist/pure.js:339:7)
      at <anonymous> (/home/crediblemark/Project/Credibuild/store/slices/__tests__/history.spec.tsx:46:7)
(fail) history slice > record() > tracks the history
251 |     throw error;
252 |   }
253 |   if (!baseElement) {
254 |     // default to document.body instead of documentElement to avoid output of potentially-large
255 |     // head elements (such as JSS style blocks) in debug output
256 |     baseElement = document.body;
                        ^
ReferenceError: document is not defined
      at render (/home/crediblemark/Project/Credibuild/node_modules/@testing-library/react/dist/pure.js:256:19)
      at renderHook (/home/crediblemark/Project/Credibuild/node_modules/@testing-library/react/dist/pure.js:339:7)
      at <anonymous> (/home/crediblemark/Project/Credibuild/store/slices/__tests__/history.spec.tsx:72:7)
(fail) history slice > back() > does nothing if no past [1.00ms]
251 |     throw error;
252 |   }
253 |   if (!baseElement) {
254 |     // default to document.body instead of documentElement to avoid output of potentially-large
255 |     // head elements (such as JSS style blocks) in debug output
256 |     baseElement = document.body;
                        ^
ReferenceError: document is not defined
      at render (/home/crediblemark/Project/Credibuild/node_modules/@testing-library/react/dist/pure.js:256:19)
      at renderHook (/home/crediblemark/Project/Credibuild/node_modules/@testing-library/react/dist/pure.js:339:7)
      at <anonymous> (/home/crediblemark/Project/Credibuild/store/slices/__tests__/history.spec.tsx:91:7)
(fail) history slice > back() > rewinds if hasPast
251 |     throw error;
252 |   }
253 |   if (!baseElement) {
254 |     // default to document.body instead of documentElement to avoid output of potentially-large
255 |     // head elements (such as JSS style blocks) in debug output
256 |     baseElement = document.body;
                        ^
ReferenceError: document is not defined
      at render (/home/crediblemark/Project/Credibuild/node_modules/@testing-library/react/dist/pure.js:256:19)
      at renderHook (/home/crediblemark/Project/Credibuild/node_modules/@testing-library/react/dist/pure.js:339:7)
      at <anonymous> (/home/crediblemark/Project/Credibuild/store/slices/__tests__/history.spec.tsx:123:7)
(fail) history slice > forward() > does nothing if no future [1.00ms]
251 |     throw error;
252 |   }
253 |   if (!baseElement) {
254 |     // default to document.body instead of documentElement to avoid output of potentially-large
255 |     // head elements (such as JSS style blocks) in debug output
256 |     baseElement = document.body;
                        ^
ReferenceError: document is not defined
      at render (/home/crediblemark/Project/Credibuild/node_modules/@testing-library/react/dist/pure.js:256:19)
      at renderHook (/home/crediblemark/Project/Credibuild/node_modules/@testing-library/react/dist/pure.js:339:7)
      at <anonymous> (/home/crediblemark/Project/Credibuild/store/slices/__tests__/history.spec.tsx:142:7)
(fail) history slice > forward() > fast-forwards if hasFuture
251 |     throw error;
252 |   }
253 |   if (!baseElement) {
254 |     // default to document.body instead of documentElement to avoid output of potentially-large
255 |     // head elements (such as JSS style blocks) in debug output
256 |     baseElement = document.body;
                        ^
ReferenceError: document is not defined
      at render (/home/crediblemark/Project/Credibuild/node_modules/@testing-library/react/dist/pure.js:256:19)
      at renderHook (/home/crediblemark/Project/Credibuild/node_modules/@testing-library/react/dist/pure.js:339:7)
      at <anonymous> (/home/crediblemark/Project/Credibuild/store/slices/__tests__/history.spec.tsx:174:7)
(fail) history slice > setHistories() > updates the state appropriately [1.00ms]
251 |     throw error;
252 |   }
253 |   if (!baseElement) {
254 |     // default to document.body instead of documentElement to avoid output of potentially-large
255 |     // head elements (such as JSS style blocks) in debug output
256 |     baseElement = document.body;
                        ^
ReferenceError: document is not defined
      at render (/home/crediblemark/Project/Credibuild/node_modules/@testing-library/react/dist/pure.js:256:19)
      at renderHook (/home/crediblemark/Project/Credibuild/node_modules/@testing-library/react/dist/pure.js:339:7)
      at <anonymous> (/home/crediblemark/Project/Credibuild/store/slices/__tests__/history.spec.tsx:210:7)
(fail) history slice > setHistoryIndex() > sets the store index and dispatches that state's data
251 |     throw error;
252 |   }
253 |   if (!baseElement) {
254 |     // default to document.body instead of documentElement to avoid output of potentially-large
255 |     // head elements (such as JSS style blocks) in debug output
256 |     baseElement = document.body;
                        ^
ReferenceError: document is not defined
      at render (/home/crediblemark/Project/Credibuild/node_modules/@testing-library/react/dist/pure.js:256:19)
      at renderHook (/home/crediblemark/Project/Credibuild/node_modules/@testing-library/react/dist/pure.js:339:7)
      at <anonymous> (/home/crediblemark/Project/Credibuild/store/slices/__tests__/history.spec.tsx:236:7)
(fail) history slice > setHistoryIndex() > does nothing if out of bounds

store/slices/__tests__/nodes.spec.tsx:
(pass) nodes slice > registerNode stores handles and syncNode invokes sync [4.00ms]
(pass) nodes slice > setOverlayVisible dispatches show and hide
(pass) nodes slice > syncNodes preserves order and skips missing ids [2.00ms]
(pass) nodes slice > unregisterNode removes handles and later commands become no-ops
(pass) nodes slice > registry operations do not notify store subscribers [1.00ms]

store/slices/__tests__/permissions.spec.tsx:
251 |     throw error;
252 |   }
253 |   if (!baseElement) {
254 |     // default to document.body instead of documentElement to avoid output of potentially-large
255 |     // head elements (such as JSS style blocks) in debug output
256 |     baseElement = document.body;
                        ^
ReferenceError: document is not defined
      at render (/home/crediblemark/Project/Credibuild/node_modules/@testing-library/react/dist/pure.js:256:19)
      at renderHook (/home/crediblemark/Project/Credibuild/node_modules/@testing-library/react/dist/pure.js:339:7)
      at <anonymous> (/home/crediblemark/Project/Credibuild/store/slices/__tests__/permissions.spec.tsx:46:5)
(fail) permissions slice > resolves on load [1.00ms]
251 |     throw error;
252 |   }
253 |   if (!baseElement) {
254 |     // default to document.body instead of documentElement to avoid output of potentially-large
255 |     // head elements (such as JSS style blocks) in debug output
256 |     baseElement = document.body;
                        ^
ReferenceError: document is not defined
      at render (/home/crediblemark/Project/Credibuild/node_modules/@testing-library/react/dist/pure.js:256:19)
      at renderHook (/home/crediblemark/Project/Credibuild/node_modules/@testing-library/react/dist/pure.js:339:7)
      at <anonymous> (/home/crediblemark/Project/Credibuild/store/slices/__tests__/permissions.spec.tsx:72:5)
(fail) permissions slice > auto-resolves when appStore data changes [1.00ms]
251 |     throw error;
252 |   }
253 |   if (!baseElement) {
254 |     // default to document.body instead of documentElement to avoid output of potentially-large
255 |     // head elements (such as JSS style blocks) in debug output
256 |     baseElement = document.body;
                        ^
ReferenceError: document is not defined
      at render (/home/crediblemark/Project/Credibuild/node_modules/@testing-library/react/dist/pure.js:256:19)
      at renderHook (/home/crediblemark/Project/Credibuild/node_modules/@testing-library/react/dist/pure.js:339:7)
      at <anonymous> (/home/crediblemark/Project/Credibuild/store/slices/__tests__/permissions.spec.tsx:107:5)
(fail) permissions slice > sets loading state if a resolver is defined, and doesn't if none is defined [1.00ms]
251 |     throw error;
252 |   }
253 |   if (!baseElement) {
254 |     // default to document.body instead of documentElement to avoid output of potentially-large
255 |     // head elements (such as JSS style blocks) in debug output
256 |     baseElement = document.body;
                        ^
ReferenceError: document is not defined
      at render (/home/crediblemark/Project/Credibuild/node_modules/@testing-library/react/dist/pure.js:256:19)
      at renderHook (/home/crediblemark/Project/Credibuild/node_modules/@testing-library/react/dist/pure.js:339:7)
      at <anonymous> (/home/crediblemark/Project/Credibuild/store/slices/__tests__/permissions.spec.tsx:162:7)
(fail) permissions slice > getPermissions() > returns global permissions by default [1.00ms]
251 |     throw error;
252 |   }
253 |   if (!baseElement) {
254 |     // default to document.body instead of documentElement to avoid output of potentially-large
255 |     // head elements (such as JSS style blocks) in debug output
256 |     baseElement = document.body;
                        ^
ReferenceError: document is not defined
      at render (/home/crediblemark/Project/Credibuild/node_modules/@testing-library/react/dist/pure.js:256:19)
      at renderHook (/home/crediblemark/Project/Credibuild/node_modules/@testing-library/react/dist/pure.js:339:7)
      at <anonymous> (/home/crediblemark/Project/Credibuild/store/slices/__tests__/permissions.spec.tsx:183:7)
(fail) permissions slice > getPermissions() > returns merged component permissions if present
251 |     throw error;
252 |   }
253 |   if (!baseElement) {
254 |     // default to document.body instead of documentElement to avoid output of potentially-large
255 |     // head elements (such as JSS style blocks) in debug output
256 |     baseElement = document.body;
                        ^
ReferenceError: document is not defined
      at render (/home/crediblemark/Project/Credibuild/node_modules/@testing-library/react/dist/pure.js:256:19)
      at renderHook (/home/crediblemark/Project/Credibuild/node_modules/@testing-library/react/dist/pure.js:339:7)
      at <anonymous> (/home/crediblemark/Project/Credibuild/store/slices/__tests__/permissions.spec.tsx:204:7)
(fail) permissions slice > getPermissions() > returns merged root permissions if present [1.00ms]
251 |     throw error;
252 |   }
253 |   if (!baseElement) {
254 |     // default to document.body instead of documentElement to avoid output of potentially-large
255 |     // head elements (such as JSS style blocks) in debug output
256 |     baseElement = document.body;
                        ^
ReferenceError: document is not defined
      at render (/home/crediblemark/Project/Credibuild/node_modules/@testing-library/react/dist/pure.js:256:19)
      at renderHook (/home/crediblemark/Project/Credibuild/node_modules/@testing-library/react/dist/pure.js:339:7)
      at <anonymous> (/home/crediblemark/Project/Credibuild/store/slices/__tests__/permissions.spec.tsx:247:7)
(fail) permissions slice > resolvePermissions() > calls component.resolvePermissions if defined [1.00ms]
251 |     throw error;
252 |   }
253 |   if (!baseElement) {
254 |     // default to document.body instead of documentElement to avoid output of potentially-large
255 |     // head elements (such as JSS style blocks) in debug output
256 |     baseElement = document.body;
                        ^
ReferenceError: document is not defined
      at render (/home/crediblemark/Project/Credibuild/node_modules/@testing-library/react/dist/pure.js:256:19)
      at renderHook (/home/crediblemark/Project/Credibuild/node_modules/@testing-library/react/dist/pure.js:339:7)
      at <anonymous> (/home/crediblemark/Project/Credibuild/store/slices/__tests__/permissions.spec.tsx:317:7)
(fail) permissions slice > resolvePermissions() > provides correct args to component.resolvePermissions on subsequent calls [1.00ms]
251 |     throw error;
252 |   }
253 |   if (!baseElement) {
254 |     // default to document.body instead of documentElement to avoid output of potentially-large
255 |     // head elements (such as JSS style blocks) in debug output
256 |     baseElement = document.body;
                        ^
ReferenceError: document is not defined
      at render (/home/crediblemark/Project/Credibuild/node_modules/@testing-library/react/dist/pure.js:256:19)
      at renderHook (/home/crediblemark/Project/Credibuild/node_modules/@testing-library/react/dist/pure.js:339:7)
      at <anonymous> (/home/crediblemark/Project/Credibuild/store/slices/__tests__/permissions.spec.tsx:399:7)
(fail) permissions slice > resolvePermissions() > updates if item changes or if force = true [1.00ms]
251 |     throw error;
252 |   }
253 |   if (!baseElement) {
254 |     // default to document.body instead of documentElement to avoid output of potentially-large
255 |     // head elements (such as JSS style blocks) in debug output
256 |     baseElement = document.body;
                        ^
ReferenceError: document is not defined
      at render (/home/crediblemark/Project/Credibuild/node_modules/@testing-library/react/dist/pure.js:256:19)
      at renderHook (/home/crediblemark/Project/Credibuild/node_modules/@testing-library/react/dist/pure.js:339:7)
      at <anonymous> (/home/crediblemark/Project/Credibuild/store/slices/__tests__/permissions.spec.tsx:491:7)
(fail) permissions slice > resolvePermissions() > should receive the parent component in params [1.00ms]
251 |     throw error;
252 |   }
253 |   if (!baseElement) {
254 |     // default to document.body instead of documentElement to avoid output of potentially-large
255 |     // head elements (such as JSS style blocks) in debug output
256 |     baseElement = document.body;
                        ^
ReferenceError: document is not defined
      at render (/home/crediblemark/Project/Credibuild/node_modules/@testing-library/react/dist/pure.js:256:19)
      at renderHook (/home/crediblemark/Project/Credibuild/node_modules/@testing-library/react/dist/pure.js:339:7)
      at <anonymous> (/home/crediblemark/Project/Credibuild/store/slices/__tests__/permissions.spec.tsx:564:7)
(fail) permissions slice > resolvePermissions() > updates if parent changes [2.00ms]
251 |     throw error;
252 |   }
253 |   if (!baseElement) {
254 |     // default to document.body instead of documentElement to avoid output of potentially-large
255 |     // head elements (such as JSS style blocks) in debug output
256 |     baseElement = document.body;
                        ^
ReferenceError: document is not defined
      at render (/home/crediblemark/Project/Credibuild/node_modules/@testing-library/react/dist/pure.js:256:19)
      at renderHook (/home/crediblemark/Project/Credibuild/node_modules/@testing-library/react/dist/pure.js:339:7)
      at <anonymous> (/home/crediblemark/Project/Credibuild/store/slices/__tests__/permissions.spec.tsx:662:7)
(fail) permissions slice > resolvePermissions() > doesn't update if moving on the same parent [1.00ms]
251 |     throw error;
252 |   }
253 |   if (!baseElement) {
254 |     // default to document.body instead of documentElement to avoid output of potentially-large
255 |     // head elements (such as JSS style blocks) in debug output
256 |     baseElement = document.body;
                        ^
ReferenceError: document is not defined
      at render (/home/crediblemark/Project/Credibuild/node_modules/@testing-library/react/dist/pure.js:256:19)
      at renderHook (/home/crediblemark/Project/Credibuild/node_modules/@testing-library/react/dist/pure.js:339:7)
      at <anonymous> (/home/crediblemark/Project/Credibuild/store/slices/__tests__/permissions.spec.tsx:730:7)
(fail) permissions slice > refreshPermissions() > force updates if item changes [1.00ms]
251 |     throw error;
252 |   }
253 |   if (!baseElement) {
254 |     // default to document.body instead of documentElement to avoid output of potentially-large
255 |     // head elements (such as JSS style blocks) in debug output
256 |     baseElement = document.body;
                        ^
ReferenceError: document is not defined
      at render (/home/crediblemark/Project/Credibuild/node_modules/@testing-library/react/dist/pure.js:256:19)
      at renderHook (/home/crediblemark/Project/Credibuild/node_modules/@testing-library/react/dist/pure.js:339:7)
      at <anonymous> (/home/crediblemark/Project/Credibuild/store/slices/__tests__/permissions.spec.tsx:772:7)
(fail) permissions slice > integration with useAppStore subscriptions > auto-resolves when appStore config changes

store/slices/__tests__/fields.spec.tsx:
251 |     throw error;
252 |   }
253 |   if (!baseElement) {
254 |     // default to document.body instead of documentElement to avoid output of potentially-large
255 |     // head elements (such as JSS style blocks) in debug output
256 |     baseElement = document.body;
                        ^
ReferenceError: document is not defined
      at render (/home/crediblemark/Project/Credibuild/node_modules/@testing-library/react/dist/pure.js:256:19)
      at renderHook (/home/crediblemark/Project/Credibuild/node_modules/@testing-library/react/dist/pure.js:339:7)
      at <anonymous> (/home/crediblemark/Project/Credibuild/store/slices/__tests__/fields.spec.tsx:73:5)
(fail) fields slice > returns default fields if no resolver is defined [2.00ms]
251 |     throw error;
252 |   }
253 |   if (!baseElement) {
254 |     // default to document.body instead of documentElement to avoid output of potentially-large
255 |     // head elements (such as JSS style blocks) in debug output
256 |     baseElement = document.body;
                        ^
ReferenceError: document is not defined
      at render (/home/crediblemark/Project/Credibuild/node_modules/@testing-library/react/dist/pure.js:256:19)
      at renderHook (/home/crediblemark/Project/Credibuild/node_modules/@testing-library/react/dist/pure.js:339:7)
      at <anonymous> (/home/crediblemark/Project/Credibuild/store/slices/__tests__/fields.spec.tsx:102:5)
(fail) fields slice > calls the root resolveFields if defined [1.00ms]
251 |     throw error;
252 |   }
253 |   if (!baseElement) {
254 |     // default to document.body instead of documentElement to avoid output of potentially-large
255 |     // head elements (such as JSS style blocks) in debug output
256 |     baseElement = document.body;
                        ^
ReferenceError: document is not defined
      at render (/home/crediblemark/Project/Credibuild/node_modules/@testing-library/react/dist/pure.js:256:19)
      at renderHook (/home/crediblemark/Project/Credibuild/node_modules/@testing-library/react/dist/pure.js:339:7)
      at <anonymous> (/home/crediblemark/Project/Credibuild/store/slices/__tests__/fields.spec.tsx:146:5)
(fail) fields slice > calls a component's resolveFields if defined [1.00ms]
251 |     throw error;
252 |   }
253 |   if (!baseElement) {
254 |     // default to document.body instead of documentElement to avoid output of potentially-large
255 |     // head elements (such as JSS style blocks) in debug output
256 |     baseElement = document.body;
                        ^
ReferenceError: document is not defined
      at render (/home/crediblemark/Project/Credibuild/node_modules/@testing-library/react/dist/pure.js:256:19)
      at renderHook (/home/crediblemark/Project/Credibuild/node_modules/@testing-library/react/dist/pure.js:339:7)
      at <anonymous> (/home/crediblemark/Project/Credibuild/store/slices/__tests__/fields.spec.tsx:195:5)
(fail) fields slice > calls a component's resolveFields with correct fields on subsequent calls [1.00ms]
251 |     throw error;
252 |   }
253 |   if (!baseElement) {
254 |     // default to document.body instead of documentElement to avoid output of potentially-large
255 |     // head elements (such as JSS style blocks) in debug output
256 |     baseElement = document.body;
                        ^
ReferenceError: document is not defined
      at render (/home/crediblemark/Project/Credibuild/node_modules/@testing-library/react/dist/pure.js:256:19)
      at renderHook (/home/crediblemark/Project/Credibuild/node_modules/@testing-library/react/dist/pure.js:339:7)
      at <anonymous> (/home/crediblemark/Project/Credibuild/store/slices/__tests__/fields.spec.tsx:267:26)
(fail) fields slice > calls a component's resolveFields with correct fields on subsequent calls, if item changes [2.00ms]
251 |     throw error;
252 |   }
253 |   if (!baseElement) {
254 |     // default to document.body instead of documentElement to avoid output of potentially-large
255 |     // head elements (such as JSS style blocks) in debug output
256 |     baseElement = document.body;
                        ^
ReferenceError: document is not defined
      at render (/home/crediblemark/Project/Credibuild/node_modules/@testing-library/react/dist/pure.js:256:19)
      at renderHook (/home/crediblemark/Project/Credibuild/node_modules/@testing-library/react/dist/pure.js:339:7)
      at <anonymous> (/home/crediblemark/Project/Credibuild/store/slices/__tests__/fields.spec.tsx:355:5)
(fail) fields slice > sets loading = true if resolver is slow (deferred loading) [1.00ms]
251 |     throw error;
252 |   }
253 |   if (!baseElement) {
254 |     // default to document.body instead of documentElement to avoid output of potentially-large
255 |     // head elements (such as JSS style blocks) in debug output
256 |     baseElement = document.body;
                        ^
ReferenceError: document is not defined
      at render (/home/crediblemark/Project/Credibuild/node_modules/@testing-library/react/dist/pure.js:256:19)
      at renderHook (/home/crediblemark/Project/Credibuild/node_modules/@testing-library/react/dist/pure.js:339:7)
      at <anonymous> (/home/crediblemark/Project/Credibuild/store/slices/__tests__/fields.spec.tsx:391:5)
(fail) fields slice > updates fields again if node data changes [1.00ms]

lib/data/__tests__/resolve-and-replace-data.spec.tsx:
(pass) resolveAndReplaceData > resolves when called [13.00ms]
(pass) resolveAndReplaceData > resolves with a 'force' trigger by default [5.00ms]
(pass) resolveAndReplaceData > resolves for non default triggers [2.00ms]
(pass) resolveAndReplaceData > shows a warning if the id doesn't exist after resolving [1.00ms]

lib/data/__tests__/walk-tree.spec.tsx:
(pass) walk-tree > should trigger a function for each slot for a given Data [1.00ms]
(pass) walk-tree > should trigger a function for each slot for a given ComponentData [1.00ms]
(pass) walk-tree > should map each item for each slot for a given Data [1.00ms]
(pass) walk-tree > should map each item for each slot for a given ComponentData
(pass) walk-tree > should trigger a function for each array slot for a given Data [1.00ms]

lib/data/__tests__/flatten-data.spec.tsx:
(pass) flatten-data > should flatten data correctly [3.00ms]
(pass) flatten-data > should return components for empty content

lib/data/__tests__/resolve-data-by-selector.spec.tsx:
(pass) resolveDataBySelector > resolves when called [16.00ms]
(pass) resolveDataBySelector > shows a warning and doesn't resolve if the selector doesn't point to an existing component [4.00ms]
(pass) resolveDataBySelector > resolves correctly when called immediately after inserting a component [2.00ms]

lib/data/__tests__/resolve-data-by-id.spec.tsx:
(pass) resolveDataById > resolves when called [5.00ms]
(pass) resolveDataById > shows a warning and doesn't resolve if the id doesn't exist [1.00ms]
(pass) resolveDataById > shows a warning and doesn't resolve if the component was deleted [2.00ms]

lib/data/__tests__/walk-app-state.spec.tsx:
(pass) walk-app-state > should generate the correct index for a given payload [3.00ms]
(pass) walk-app-state > should default values for any undefined slots [1.00ms]

reducer/actions/__tests__/insert.spec.ts:

# Unhandled error between tests
-------------------------------
 8 | import { PrivateAppState } from "../../../types/Internal";
 9 | import { stripSlots } from "../../../lib/data/strip-slots";
10 | import { Reducer } from "react";
11 | import { flattenNode } from "../../../lib/data/flatten-node";
12 | 
13 | jest.mock("../../../lib/generate-id");
          ^
TypeError: mock(module, fn) requires a function
      at /home/crediblemark/Project/Credibuild/reducer/actions/__helpers__/index.tsx:13:6
      at loadAndEvaluateModule (2:1)
-------------------------------


reducer/actions/__tests__/duplicate.spec.ts:

# Unhandled error between tests
-------------------------------
 9 | } from "../__helpers__";
10 | import { PrivateAppState } from "../../../types/Internal";
11 | import { walkAppState } from "../../../lib/data/walk-app-state";
12 | 
13 | describe("Reducer", () => {
14 |   const { executeSequence, config, reducer } = testSetup();
                                                    ^
ReferenceError: Cannot access 'testSetup' before initialization.
      at <anonymous> (/home/crediblemark/Project/Credibuild/reducer/actions/__tests__/duplicate.spec.ts:14:48)
-------------------------------


reducer/actions/__tests__/set-ui.spec.ts:

# Unhandled error between tests
-------------------------------
1 | import { SetUiAction } from "../..";
2 | import { defaultState, testSetup } from "../__helpers__";
3 | 
4 | describe("Reducer", () => {
5 |   const { reducer } = testSetup();
                          ^
ReferenceError: Cannot access 'testSetup' before initialization.
      at <anonymous> (/home/crediblemark/Project/Credibuild/reducer/actions/__tests__/set-ui.spec.ts:5:23)
-------------------------------


reducer/actions/__tests__/set.spec.ts:

# Unhandled error between tests
-------------------------------
1 | import { SetDataAction } from "../..";
2 | import { defaultData, defaultState, testSetup } from "../__helpers__";
3 | 
4 | describe("Reducer", () => {
5 |   const { reducer } = testSetup();
                          ^
ReferenceError: Cannot access 'testSetup' before initialization.
      at <anonymous> (/home/crediblemark/Project/Credibuild/reducer/actions/__tests__/set.spec.ts:5:23)
-------------------------------


reducer/actions/__tests__/remove.spec.ts:

# Unhandled error between tests
-------------------------------
 8 |   dzZoneCompound,
 9 |   testSetup,
10 | } from "../__helpers__";
11 | 
12 | describe("Reducer", () => {
13 |   const { executeSequence, config, reducer } = testSetup();
                                                    ^
ReferenceError: Cannot access 'testSetup' before initialization.
      at <anonymous> (/home/crediblemark/Project/Credibuild/reducer/actions/__tests__/remove.spec.ts:13:48)
-------------------------------


reducer/actions/__tests__/replace.spec.ts:

# Unhandled error between tests
-------------------------------
 5 |   expectIndexed,
 6 |   testSetup,
 7 | } from "../__helpers__";
 8 | 
 9 | describe("Reducer", () => {
10 |   const { executeSequence } = testSetup();
                                   ^
ReferenceError: Cannot access 'testSetup' before initialization.
      at <anonymous> (/home/crediblemark/Project/Credibuild/reducer/actions/__tests__/replace.spec.ts:10:31)
-------------------------------


reducer/actions/__tests__/move.spec.ts:

# Unhandled error between tests
-------------------------------
 5 |   expectIndexed,
 6 |   testSetup,
 7 | } from "../__helpers__";
 8 | 
 9 | describe("Reducer", () => {
10 |   const { executeSequence } = testSetup();
                                   ^
ReferenceError: Cannot access 'testSetup' before initialization.
      at <anonymous> (/home/crediblemark/Project/Credibuild/reducer/actions/__tests__/move.spec.ts:10:31)
-------------------------------


reducer/actions/__tests__/reorder.spec.ts:

# Unhandled error between tests
-------------------------------
 5 |   expectIndexed,
 6 |   testSetup,
 7 | } from "../__helpers__";
 8 | 
 9 | describe("Reducer", () => {
10 |   const { executeSequence } = testSetup();
                                   ^
ReferenceError: Cannot access 'testSetup' before initialization.
      at <anonymous> (/home/crediblemark/Project/Credibuild/reducer/actions/__tests__/reorder.spec.ts:10:31)
-------------------------------


reducer/actions/__tests__/register-zone.spec.ts:

# Unhandled error between tests
-------------------------------
1 | import { RegisterZoneAction, UnregisterZoneAction } from "../..";
2 | import { PrivateAppState } from "../../../types/Internal";
3 | import { defaultData, defaultState, testSetup } from "../__helpers__";
4 | 
5 | describe("Reducer", () => {
6 |   const { reducer } = testSetup();
                          ^
ReferenceError: Cannot access 'testSetup' before initialization.
      at <anonymous> (/home/crediblemark/Project/Credibuild/reducer/actions/__tests__/register-zone.spec.ts:6:23)
-------------------------------


components/ServerRender/__tests__/index.spec.tsx:

# Unhandled error between tests
-------------------------------
error: Cannot find package 'classnames' from '/home/crediblemark/Project/Credibuild/lib/get-class-name-factory.ts'
-------------------------------


36 tests failed:
(fail) useBreadcrumbs > returns an empty array if no path is found [2.00ms]
(fail) useBreadcrumbs > returns a breadcrumb path including 'Page' for root [1.00ms]
(fail) useBreadcrumbs > truncates the breadcrumb list to renderCount if provided
(fail) useBreadcrumbs > defaults to using the type name if config.components[type].label is missing
(fail) history slice > initializes with given histories and index [1.00ms]
(fail) history slice > record() > tracks the history
(fail) history slice > back() > does nothing if no past [1.00ms]
(fail) history slice > back() > rewinds if hasPast
(fail) history slice > forward() > does nothing if no future [1.00ms]
(fail) history slice > forward() > fast-forwards if hasFuture
(fail) history slice > setHistories() > updates the state appropriately [1.00ms]
(fail) history slice > setHistoryIndex() > sets the store index and dispatches that state's data
(fail) history slice > setHistoryIndex() > does nothing if out of bounds
(fail) permissions slice > resolves on load [1.00ms]
(fail) permissions slice > auto-resolves when appStore data changes [1.00ms]
(fail) permissions slice > sets loading state if a resolver is defined, and doesn't if none is defined [1.00ms]
(fail) permissions slice > getPermissions() > returns global permissions by default [1.00ms]
(fail) permissions slice > getPermissions() > returns merged component permissions if present
(fail) permissions slice > getPermissions() > returns merged root permissions if present [1.00ms]
(fail) permissions slice > resolvePermissions() > calls component.resolvePermissions if defined [1.00ms]
(fail) permissions slice > resolvePermissions() > provides correct args to component.resolvePermissions on subsequent calls [1.00ms]
(fail) permissions slice > resolvePermissions() > updates if item changes or if force = true [1.00ms]
(fail) permissions slice > resolvePermissions() > should receive the parent component in params [1.00ms]
(fail) permissions slice > resolvePermissions() > updates if parent changes [2.00ms]
(fail) permissions slice > resolvePermissions() > doesn't update if moving on the same parent [1.00ms]
(fail) permissions slice > refreshPermissions() > force updates if item changes [1.00ms]
(fail) permissions slice > integration with useAppStore subscriptions > auto-resolves when appStore config changes
(fail) fields slice > returns default fields if no resolver is defined [2.00ms]
(fail) fields slice > calls the root resolveFields if defined [1.00ms]
(fail) fields slice > calls a component's resolveFields if defined [1.00ms]
(fail) fields slice > calls a component's resolveFields with correct fields on subsequent calls [1.00ms]
(fail) fields slice > calls a component's resolveFields with correct fields on subsequent calls, if item changes [2.00ms]
(fail) fields slice > sets loading = true if resolver is slow (deferred loading) [1.00ms]
(fail) fields slice > updates fields again if node data changes [1.00ms]

 55 pass
 36 fail
 10 errors
 9 snapshots, 176 expect() calls
Ran 91 tests across 29 files. [914.00ms]
